------------------------------------------------------------
TimeQuest Timing Analyzer Summary
------------------------------------------------------------

Type  : Slow 1200mV 85C Model Setup 'clk'
Slack : -0.842
TNS   : -3.706

Type  : Slow 1200mV 85C Model Hold 'clk'
Slack : 0.342
TNS   : 0.000

Type  : Slow 1200mV 85C Model Recovery 'clk'
Slack : -0.803
TNS   : -5.867

Type  : Slow 1200mV 85C Model Removal 'clk'
Slack : 0.853
TNS   : 0.000

Type  : Slow 1200mV 85C Model Minimum Pulse Width 'clk'
Slack : -3.000
TNS   : -13.000

Type  : Slow 1200mV 0C Model Setup 'clk'
Slack : -0.641
TNS   : -2.273

Type  : Slow 1200mV 0C Model Hold 'clk'
Slack : 0.297
TNS   : 0.000

Type  : Slow 1200mV 0C Model Recovery 'clk'
Slack : -0.611
TNS   : -4.153

Type  : Slow 1200mV 0C Model Removal 'clk'
Slack : 0.758
TNS   : 0.000

Type  : Slow 1200mV 0C Model Minimum Pulse Width 'clk'
Slack : -3.000
TNS   : -13.000

Type  : Fast 1200mV 0C Model Setup 'clk'
Slack : -0.038
TNS   : -0.038

Type  : Fast 1200mV 0C Model Hold 'clk'
Slack : 0.178
TNS   : 0.000

Type  : Fast 1200mV 0C Model Recovery 'clk'
Slack : -0.024
TNS   : -0.096

Type  : Fast 1200mV 0C Model Removal 'clk'
Slack : 0.471
TNS   : 0.000

Type  : Fast 1200mV 0C Model Minimum Pulse Width 'clk'
Slack : -3.000
TNS   : -13.444

------------------------------------------------------------
