                                                       
                                                       
                                                       
                                                       
                                                       
                                                       
                                                       
                                                       
                                                       
                                                       
                                                       
                             X                         
                           - X                         
                         XX0XXXX                       
                           - -                         
                                                       
                                                       
                                                       
                                                       
                                                       
                                                       
                                                       
                                                       
                                                       
                                                       
                                                       
                                                       
